[    0.000000] Initializing cgroup subsys cpuset
[    0.000000] Initializing cgroup subsys cpu
[    0.000000] Initializing cgroup subsys cpuacct
[    0.000000] Linux version 3.13.0-32-generic (buildd@kissel) (gcc version 4.8.2 (Ubuntu 4.8.2-19ubuntu1) ) #57-Ubuntu SMP Tue Jul 15 03:51:08 UTC 2014 (Ubuntu 3.13.0-32.57-generic 3.13.11.4)
[    0.000000] Command line: BOOT_IMAGE=/boot/vmlinuz-3.13.0-32-generic root=UUID=5594ca80-24f9-437b-940e-f1611cd21409 ro quiet splash vt.handoff=7
[    0.000000] KERNEL supported cpus:
[    0.000000]   Intel GenuineIntel
[    0.000000]   AMD AuthenticAMD
[    0.000000]   Centaur CentaurHauls
[    0.000000] e820: BIOS-provided physical RAM map:
[    0.000000] BIOS-e820: [mem 0x0000000000000000-0x000000000009d3ff] usable
[    0.000000] BIOS-e820: [mem 0x000000000009d400-0x000000000009ffff] reserved
[    0.000000] BIOS-e820: [mem 0x00000000000e0000-0x00000000000fffff] reserved
[    0.000000] BIOS-e820: [mem 0x0000000000100000-0x000000001fffffff] usable
[    0.000000] BIOS-e820: [mem 0x0000000020000000-0x00000000201fffff] reserved
[    0.000000] BIOS-e820: [mem 0x0000000020200000-0x0000000040003fff] usable
[    0.000000] BIOS-e820: [mem 0x0000000040004000-0x0000000040004fff] reserved
[    0.000000] BIOS-e820: [mem 0x0000000040005000-0x0000000076f45fff] usable
[    0.000000] BIOS-e820: [mem 0x0000000076f46000-0x000000007799afff] reserved
[    0.000000] BIOS-e820: [mem 0x000000007799b000-0x00000000779abfff] ACPI data
[    0.000000] BIOS-e820: [mem 0x00000000779ac000-0x0000000078835fff] ACPI NVS
[    0.000000] BIOS-e820: [mem 0x0000000078836000-0x0000000079200fff] reserved
[    0.000000] BIOS-e820: [mem 0x0000000079201000-0x0000000079201fff] usable
[    0.000000] BIOS-e820: [mem 0x0000000079202000-0x0000000079244fff] ACPI NVS
[    0.000000] BIOS-e820: [mem 0x0000000079245000-0x00000000799d5fff] usable
[    0.000000] BIOS-e820: [mem 0x00000000799d6000-0x0000000079ff1fff] reserved
[    0.000000] BIOS-e820: [mem 0x0000000079ff2000-0x0000000079ffffff] usable
[    0.000000] BIOS-e820: [mem 0x000000007a800000-0x000000007e9fffff] reserved
[    0.000000] BIOS-e820: [mem 0x00000000f8000000-0x00000000fbffffff] reserved
[    0.000000] BIOS-e820: [mem 0x00000000fec00000-0x00000000fec00fff] reserved
[    0.000000] BIOS-e820: [mem 0x00000000fed00000-0x00000000fed03fff] reserved
[    0.000000] BIOS-e820: [mem 0x00000000fed1c000-0x00000000fed1ffff] reserved
[    0.000000] BIOS-e820: [mem 0x00000000fee00000-0x00000000fee00fff] reserved
[    0.000000] BIOS-e820: [mem 0x00000000ff000000-0x00000000ffffffff] reserved
[    0.000000] BIOS-e820: [mem 0x0000000100000000-0x00000001005fffff] usable
[    0.000000] NX (Execute Disable) protection: active
[    0.000000] SMBIOS 2.7 present.
[    0.000000] DMI: Dell Inc. Vostro 2520/0V1NDP, BIOS A05 01/25/2013
[    0.000000] e820: update [mem 0x00000000-0x00000fff] usable ==> reserved
[    0.000000] e820: remove [mem 0x000a0000-0x000fffff] usable
[    0.000000] No AGP bridge found
[    0.000000] e820: last_pfn = 0x100600 max_arch_pfn = 0x400000000
[    0.000000] MTRR default type: uncachable
[    0.000000] MTRR fixed ranges enabled:
[    0.000000]   00000-9FFFF write-back
[    0.000000]   A0000-BFFFF uncachable
[    0.000000]   C0000-CFFFF write-protect
[    0.000000]   D0000-E7FFF uncachable
[    0.000000]   E8000-FFFFF write-protect
[    0.000000] MTRR variable ranges enabled:
[    0.000000]   0 base 000000000 mask F00000000 write-back
[    0.000000]   1 base 100000000 mask FFFC00000 write-back
[    0.000000]   2 base 100400000 mask FFFE00000 write-back
[    0.000000]   3 base 080000000 mask F80000000 uncachable
[    0.000000]   4 base 07C000000 mask FFC000000 uncachable
[    0.000000]   5 base 07B000000 mask FFF000000 uncachable
[    0.000000]   6 base 07A800000 mask FFF800000 uncachable
[    0.000000]   7 disabled
[    0.000000]   8 disabled
[    0.000000]   9 disabled
[    0.000000] x86 PAT enabled: cpu 0, old 0x7040600070406, new 0x7010600070106
[    0.000000] original variable MTRRs
[    0.000000] reg 0, base: 0GB, range: 4GB, type WB
[    0.000000] reg 1, base: 4GB, range: 4MB, type WB
[    0.000000] reg 2, base: 4100MB, range: 2MB, type WB
[    0.000000] reg 3, base: 2GB, range: 2GB, type UC
[    0.000000] reg 4, base: 1984MB, range: 64MB, type UC
[    0.000000] reg 5, base: 1968MB, range: 16MB, type UC
[    0.000000] reg 6, base: 1960MB, range: 8MB, type UC
[    0.000000] total RAM covered: 1966M
[    0.000000] Found optimal setting for mtrr clean up
[    0.000000]  gran_size: 64K 	chunk_size: 128M 	num_reg: 6  	lose cover RAM: 0G
[    0.000000] New variable MTRRs
[    0.000000] reg 0, base: 0GB, range: 2GB, type WB
[    0.000000] reg 1, base: 1960MB, range: 8MB, type UC
[    0.000000] reg 2, base: 1968MB, range: 16MB, type UC
[    0.000000] reg 3, base: 1984MB, range: 64MB, type UC
[    0.000000] reg 4, base: 4GB, range: 4MB, type WB
[    0.000000] reg 5, base: 4100MB, range: 2MB, type WB
[    0.000000] e820: update [mem 0x7a800000-0xffffffff] usable ==> reserved
[    0.000000] e820: last_pfn = 0x7a000 max_arch_pfn = 0x400000000
[    0.000000] found SMP MP-table at [mem 0x000fda10-0x000fda1f] mapped at [ffff8800000fda10]
[    0.000000] Scanning 1 areas for low memory corruption
[    0.000000] Base memory trampoline at [ffff880000097000] 97000 size 24576
[    0.000000] init_memory_mapping: [mem 0x00000000-0x000fffff]
[    0.000000]  [mem 0x00000000-0x000fffff] page 4k
[    0.000000] BRK [0x01fdf000, 0x01fdffff] PGTABLE
[    0.000000] BRK [0x01fe0000, 0x01fe0fff] PGTABLE
[    0.000000] BRK [0x01fe1000, 0x01fe1fff] PGTABLE
[    0.000000] init_memory_mapping: [mem 0x100400000-0x1005fffff]
[    0.000000]  [mem 0x100400000-0x1005fffff] page 2M
[    0.000000] BRK [0x01fe2000, 0x01fe2fff] PGTABLE
[    0.000000] init_memory_mapping: [mem 0x100000000-0x1003fffff]
[    0.000000]  [mem 0x100000000-0x1003fffff] page 2M
[    0.000000] init_memory_mapping: [mem 0x00100000-0x1fffffff]
[    0.000000]  [mem 0x00100000-0x001fffff] page 4k
[    0.000000]  [mem 0x00200000-0x1fffffff] page 2M
[    0.000000] init_memory_mapping: [mem 0x20200000-0x40003fff]
[    0.000000]  [mem 0x20200000-0x3fffffff] page 2M
[    0.000000]  [mem 0x40000000-0x40003fff] page 4k
[    0.000000] BRK [0x01fe3000, 0x01fe3fff] PGTABLE
[    0.000000] BRK [0x01fe4000, 0x01fe4fff] PGTABLE
[    0.000000] init_memory_mapping: [mem 0x40005000-0x76f45fff]
[    0.000000]  [mem 0x40005000-0x401fffff] page 4k
[    0.000000]  [mem 0x40200000-0x76dfffff] page 2M
[    0.000000]  [mem 0x76e00000-0x76f45fff] page 4k
[    0.000000] init_memory_mapping: [mem 0x79201000-0x79201fff]
[    0.000000]  [mem 0x79201000-0x79201fff] page 4k
[    0.000000] init_memory_mapping: [mem 0x79245000-0x799d5fff]
[    0.000000]  [mem 0x79245000-0x793fffff] page 4k
[    0.000000]  [mem 0x79400000-0x797fffff] page 2M
[    0.000000]  [mem 0x79800000-0x799d5fff] page 4k
[    0.000000] init_memory_mapping: [mem 0x79ff2000-0x79ffffff]
[    0.000000]  [mem 0x79ff2000-0x79ffffff] page 4k
[    0.000000] RAMDISK: [mem 0x35b6c000-0x36dadfff]
[    0.000000] ACPI: RSDP 00000000000f0490 000024 (v02   DELL)
[    0.000000] ACPI: XSDT 000000007799f078 00006C (v01 DELL    WN09    01072009 AMI  00010013)
[    0.000000] ACPI: FACP 00000000779a94c8 00010C (v05   DELL     WN09 01072009 AMI  00010013)
[    0.000000] ACPI: DSDT 000000007799f170 00A352 (v02   DELL     WN09 00000022 INTL 20051117)
[    0.000000] ACPI: FACS 0000000078831080 000040
[    0.000000] ACPI: APIC 00000000779a95d8 000072 (v03   DELL     WN09 01072009 AMI  00010013)
[    0.000000] ACPI: FPDT 00000000779a9650 000044 (v01   DELL     WN09 01072009 AMI  00010013)
[    0.000000] ACPI: MCFG 00000000779a9698 00003C (v01   DELL     WN09 01072009 MSFT 00000097)
[    0.000000] ACPI: SSDT 00000000779a96d8 001068 (v01 TrmRef PtidDevc 00001000 INTL 20091112)
[    0.000000] ACPI: HPET 00000000779aa740 000038 (v01   DELL     WN09 01072009 AMI. 00000005)
[    0.000000] ACPI: SSDT 00000000779aa778 000315 (v01 SataRe SataTabl 00001000 INTL 20091112)
[    0.000000] ACPI: SSDT 00000000779aaa90 000926 (v01  PmRef  Cpu0Ist 00003000 INTL 20051117)
[    0.000000] ACPI: SSDT 00000000779ab3b8 000A92 (v01  PmRef    CpuPm 00003000 INTL 20051117)
[    0.000000] ACPI: Local APIC address 0xfee00000
[    0.000000] No NUMA configuration found
[    0.000000] Faking a node at [mem 0x0000000000000000-0x00000001005fffff]
[    0.000000] Initmem setup node 0 [mem 0x00000000-0x1005fffff]
[    0.000000]   NODE_DATA [mem 0x1005f7000-0x1005fbfff]
[    0.000000]  [ffffea0000000000-ffffea00041fffff] PMD -> [ffff880074c00000-ffff880076dfffff] on node 0
[    0.000000] Zone ranges:
[    0.000000]   DMA      [mem 0x00001000-0x00ffffff]
[    0.000000]   DMA32    [mem 0x01000000-0xffffffff]
[    0.000000]   Normal   [mem 0x100000000-0x1005fffff]
[    0.000000] Movable zone start for each node
[    0.000000] Early memory node ranges
[    0.000000]   node   0: [mem 0x00001000-0x0009cfff]
[    0.000000]   node   0: [mem 0x00100000-0x1fffffff]
[    0.000000]   node   0: [mem 0x20200000-0x40003fff]
[    0.000000]   node   0: [mem 0x40005000-0x76f45fff]
[    0.000000]   node   0: [mem 0x79201000-0x79201fff]
[    0.000000]   node   0: [mem 0x79245000-0x799d5fff]
[    0.000000]   node   0: [mem 0x79ff2000-0x79ffffff]
[    0.000000]   node   0: [mem 0x100000000-0x1005fffff]
[    0.000000] On node 0 totalpages: 490113
[    0.000000]   DMA zone: 64 pages used for memmap
[    0.000000]   DMA zone: 21 pages reserved
[    0.000000]   DMA zone: 3996 pages, LIFO batch:0
[    0.000000]   DMA32 zone: 7572 pages used for memmap
[    0.000000]   DMA32 zone: 484581 pages, LIFO batch:31
[    0.000000]   Normal zone: 24 pages used for memmap
[    0.000000]   Normal zone: 1536 pages, LIFO batch:0
[    0.000000] ACPI: PM-Timer IO Port: 0x408
[    0.000000] ACPI: Local APIC address 0xfee00000
[    0.000000] ACPI: LAPIC (acpi_id[0x01] lapic_id[0x00] enabled)
[    0.000000] ACPI: LAPIC (acpi_id[0x02] lapic_id[0x02] enabled)
[    0.000000] ACPI: LAPIC (acpi_id[0x03] lapic_id[0x01] enabled)
[    0.000000] ACPI: LAPIC (acpi_id[0x04] lapic_id[0x03] enabled)
[    0.000000] ACPI: LAPIC_NMI (acpi_id[0xff] high edge lint[0x1])
[    0.000000] ACPI: IOAPIC (id[0x02] address[0xfec00000] gsi_base[0])
[    0.000000] IOAPIC[0]: apic_id 2, version 32, address 0xfec00000, GSI 0-23
[    0.000000] ACPI: INT_SRC_OVR (bus 0 bus_irq 0 global_irq 2 dfl dfl)
[    0.000000] ACPI: INT_SRC_OVR (bus 0 bus_irq 9 global_irq 9 high level)
[    0.000000] ACPI: IRQ0 used by override.
[    0.000000] ACPI: IRQ2 used by override.
[    0.000000] ACPI: IRQ9 used by override.
[    0.000000] Using ACPI (MADT) for SMP configuration information
[    0.000000] ACPI: HPET id: 0x8086a701 base: 0xfed00000
[    0.000000] smpboot: Allowing 4 CPUs, 0 hotplug CPUs
[    0.000000] nr_irqs_gsi: 40
[    0.000000] PM: Registered nosave memory: [mem 0x0009d000-0x0009dfff]
[    0.000000] PM: Registered nosave memory: [mem 0x0009e000-0x0009ffff]
[    0.000000] PM: Registered nosave memory: [mem 0x000a0000-0x000dffff]
[    0.000000] PM: Registered nosave memory: [mem 0x000e0000-0x000fffff]
[    0.000000] PM: Registered nosave memory: [mem 0x20000000-0x201fffff]
[    0.000000] PM: Registered nosave memory: [mem 0x40004000-0x40004fff]
[    0.000000] PM: Registered nosave memory: [mem 0x76f46000-0x7799afff]
[    0.000000] PM: Registered nosave memory: [mem 0x7799b000-0x779abfff]
[    0.000000] PM: Registered nosave memory: [mem 0x779ac000-0x78835fff]
[    0.000000] PM: Registered nosave memory: [mem 0x78836000-0x79200fff]
[    0.000000] PM: Registered nosave memory: [mem 0x79202000-0x79244fff]
[    0.000000] PM: Registered nosave memory: [mem 0x799d6000-0x79ff1fff]
[    0.000000] PM: Registered nosave memory: [mem 0x7a000000-0x7a7fffff]
[    0.000000] PM: Registered nosave memory: [mem 0x7a800000-0x7e9fffff]
[    0.000000] PM: Registered nosave memory: [mem 0x7ea00000-0xf7ffffff]
[    0.000000] PM: Registered nosave memory: [mem 0xf8000000-0xfbffffff]
[    0.000000] PM: Registered nosave memory: [mem 0xfc000000-0xfebfffff]
[    0.000000] PM: Registered nosave memory: [mem 0xfec00000-0xfec00fff]
[    0.000000] PM: Registered nosave memory: [mem 0xfec01000-0xfecfffff]
[    0.000000] PM: Registered nosave memory: [mem 0xfed00000-0xfed03fff]
[    0.000000] PM: Registered nosave memory: [mem 0xfed04000-0xfed1bfff]
[    0.000000] PM: Registered nosave memory: [mem 0xfed1c000-0xfed1ffff]
[    0.000000] PM: Registered nosave memory: [mem 0xfed20000-0xfedfffff]
[    0.000000] PM: Registered nosave memory: [mem 0xfee00000-0xfee00fff]
[    0.000000] PM: Registered nosave memory: [mem 0xfee01000-0xfeffffff]
[    0.000000] PM: Registered nosave memory: [mem 0xff000000-0xffffffff]
[    0.000000] e820: [mem 0x7ea00000-0xf7ffffff] available for PCI devices
[    0.000000] Booting paravirtualized kernel on bare hardware
[    0.000000] setup_percpu: NR_CPUS:256 nr_cpumask_bits:256 nr_cpu_ids:4 nr_node_ids:1
[    0.000000] PERCPU: Embedded 29 pages/cpu @ffff880100200000 s86336 r8192 d24256 u524288
[    0.000000] pcpu-alloc: s86336 r8192 d24256 u524288 alloc=1*2097152
[    0.000000] pcpu-alloc: [0] 0 1 2 3 
[    0.000000] Built 1 zonelists in Node order, mobility grouping on.  Total pages: 482432
[    0.000000] Policy zone: Normal
[    0.000000] Kernel command line: BOOT_IMAGE=/boot/vmlinuz-3.13.0-32-generic root=UUID=5594ca80-24f9-437b-940e-f1611cd21409 ro quiet splash vt.handoff=7
[    0.000000] PID hash table entries: 4096 (order: 3, 32768 bytes)
[    0.000000] xsave: enabled xstate_bv 0x7, cntxt size 0x340
[    0.000000] Checking aperture...
[    0.000000] No AGP bridge found
[    0.000000] Calgary: detecting Calgary via BIOS EBDA area
[    0.000000] Calgary: Unable to locate Rio Grande table in EBDA - bailing!
[    0.000000] Memory: 1823776K/1960452K available (7363K kernel code, 1142K rwdata, 3400K rodata, 1336K init, 1440K bss, 136676K reserved)
[    0.000000] SLUB: HWalign=64, Order=0-3, MinObjects=0, CPUs=4, Nodes=1
[    0.000000] Hierarchical RCU implementation.
[    0.000000] 	RCU dyntick-idle grace-period acceleration is enabled.
[    0.000000] 	RCU restricting CPUs from NR_CPUS=256 to nr_cpu_ids=4.
[    0.000000] 	Offload RCU callbacks from all CPUs
[    0.000000] 	Offload RCU callbacks from CPUs: 0-3.
[    0.000000] NR_IRQS:16640 nr_irqs:712 16
[    0.000000] Console: colour dummy device 80x25
[    0.000000] console [tty0] enabled
[    0.000000] allocated 8912896 bytes of page_cgroup
[    0.000000] please try 'cgroup_disable=memory' option if you don't want memory cgroups
[    0.000000] hpet clockevent registered
[    0.000000] tsc: Fast TSC calibration using PIT
[    0.004000] tsc: Detected 2494.324 MHz processor
[    0.000002] Calibrating delay loop (skipped), value calculated using timer frequency.. 4988.64 BogoMIPS (lpj=9977296)
[    0.000005] pid_max: default: 32768 minimum: 301
[    0.000024] Security Framework initialized
[    0.000041] AppArmor: AppArmor initialized
[    0.000042] Yama: becoming mindful.
[    0.000225] Dentry cache hash table entries: 262144 (order: 9, 2097152 bytes)
[    0.000739] Inode-cache hash table entries: 131072 (order: 8, 1048576 bytes)
[    0.000967] Mount-cache hash table entries: 4096 (order: 3, 32768 bytes)
[    0.000974] Mountpoint-cache hash table entries: 4096 (order: 3, 32768 bytes)
[    0.001157] Initializing cgroup subsys memory
[    0.001162] Initializing cgroup subsys devices
[    0.001164] Initializing cgroup subsys freezer
[    0.001165] Initializing cgroup subsys blkio
[    0.001167] Initializing cgroup subsys perf_event
[    0.001169] Initializing cgroup subsys hugetlb
[    0.001189] CPU: Physical Processor ID: 0
[    0.001190] CPU: Processor Core ID: 0
[    0.001195] ENERGY_PERF_BIAS: Set to 'normal', was 'performance'
[    0.001195] ENERGY_PERF_BIAS: View and update with x86_energy_perf_policy(8)
[    0.001198] mce: CPU supports 7 MCE banks
[    0.001208] CPU0: Thermal monitoring enabled (TM1)
[    0.001218] Last level iTLB entries: 4KB 512, 2MB 0, 4MB 0
[    0.001218] Last level dTLB entries: 4KB 512, 2MB 32, 4MB 32
[    0.001218] tlb_flushall_shift: 2
[    0.001332] Freeing SMP alternatives memory: 32K (ffffffff81e6d000 - ffffffff81e75000)
[    0.002433] ACPI: Core revision 20131115
[    0.007369] ACPI: All ACPI Tables successfully acquired
[    0.013455] ftrace: allocating 28495 entries in 112 pages
[    0.026761] ..TIMER: vector=0x30 apic1=0 pin1=2 apic2=-1 pin2=-1
[    0.066492] smpboot: CPU0: Intel(R) Core(TM) i3-3120M CPU @ 2.50GHz (fam: 06, model: 3a, stepping: 09)
[    0.066499] TSC deadline timer enabled
[    0.066507] Performance Events: PEBS fmt1+, 16-deep LBR, IvyBridge events, full-width counters, Intel PMU driver.
[    0.066514] ... version:                3
[    0.066515] ... bit width:              48
[    0.066516] ... generic registers:      4
[    0.066517] ... value mask:             0000ffffffffffff
[    0.066517] ... max period:             0000ffffffffffff
[    0.066518] ... fixed-purpose events:   3
[    0.066519] ... event mask:             000000070000000f
[    0.067988] x86: Booting SMP configuration:
[    0.081087] NMI watchdog: enabled on all CPUs, permanently consumes one hw-PMU counter.
[    0.067990] .... node  #0, CPUs:      #1 #2 #3
[    0.107577] x86: Booted up 1 node, 4 CPUs
[    0.107580] smpboot: Total of 4 processors activated (19954.59 BogoMIPS)
[    0.110816] devtmpfs: initialized
[    0.113667] EVM: security.selinux
[    0.113668] EVM: security.SMACK64
[    0.113669] EVM: security.ima
[    0.113670] EVM: security.capability
[    0.113712] PM: Registering ACPI NVS region [mem 0x779ac000-0x78835fff] (15245312 bytes)
[    0.113886] PM: Registering ACPI NVS region [mem 0x79202000-0x79244fff] (274432 bytes)
[    0.114587] pinctrl core: initialized pinctrl subsystem
[    0.114635] regulator-dummy: no parameters
[    0.114664] RTC time:  4:08:59, date: 05/26/17
[    0.114691] NET: Registered protocol family 16
[    0.114775] cpuidle: using governor ladder
[    0.114776] cpuidle: using governor menu
[    0.114807] ACPI FADT declares the system doesn't support PCIe ASPM, so disable it
[    0.114808] ACPI: bus type PCI registered
[    0.114810] acpiphp: ACPI Hot Plug PCI Controller Driver version: 0.5
[    0.114852] PCI: MMCONFIG for domain 0000 [bus 00-3f] at [mem 0xf8000000-0xfbffffff] (base 0xf8000000)
[    0.114854] PCI: MMCONFIG at [mem 0xf8000000-0xfbffffff] reserved in E820
[    0.121800] PCI: Using configuration type 1 for base access
[    0.122509] bio: create slab <bio-0> at 0
[    0.122649] ACPI: Added _OSI(Module Device)
[    0.122651] ACPI: Added _OSI(Processor Device)
[    0.122652] ACPI: Added _OSI(3.0 _SCP Extensions)
[    0.122653] ACPI: Added _OSI(Processor Aggregator Device)
[    0.125014] ACPI: Executed 1 blocks of module-level executable AML code
[    0.128352] [Firmware Bug]: ACPI: BIOS _OSI(Linux) query ignored
[    0.132568] ACPI: SSDT 0000000077948018 00080E (v01  PmRef  Cpu0Cst 00003001 INTL 20051117)
[    0.132856] ACPI: Dynamic OEM Table Load:
[    0.132858] ACPI: SSDT           (null) 00080E (v01  PmRef  Cpu0Cst 00003001 INTL 20051117)
[    0.136453] ACPI: SSDT 0000000077949a98 000303 (v01  PmRef    ApIst 00003000 INTL 20051117)
[    0.136762] ACPI: Dynamic OEM Table Load:
[    0.136764] ACPI: SSDT           (null) 000303 (v01  PmRef    ApIst 00003000 INTL 20051117)
[    0.140337] ACPI: SSDT 000000007794ac18 000119 (v01  PmRef    ApCst 00003000 INTL 20051117)
[    0.140617] ACPI: Dynamic OEM Table Load:
[    0.140619] ACPI: SSDT           (null) 000119 (v01  PmRef    ApCst 00003000 INTL 20051117)
[    0.144719] ACPI: Interpreter enabled
[    0.144724] ACPI Exception: AE_NOT_FOUND, While evaluating Sleep State [\_S1_] (20131115/hwxface-580)
[    0.144728] ACPI Exception: AE_NOT_FOUND, While evaluating Sleep State [\_S2_] (20131115/hwxface-580)
[    0.144741] ACPI: (supports S0 S3 S4 S5)
[    0.144742] ACPI: Using IOAPIC for interrupt routing
[    0.144765] PCI: Using host bridge windows from ACPI; if necessary, use "pci=nocrs" and report a bug
[    0.144889] ACPI: No dock devices found.
[    0.154268] ACPI: PCI Root Bridge [PCI0] (domain 0000 [bus 00-3e])
[    0.154273] acpi PNP0A08:00: _OSC: OS supports [ExtendedConfig ASPM ClockPM Segments MSI]
[    0.154428] acpi PNP0A08:00: _OSC: platform does not support [PME]
[    0.154553] acpi PNP0A08:00: _OSC: OS now controls [PCIeHotplug AER PCIeCapability]
[    0.155070] PCI host bridge to bus 0000:00
[    0.155072] pci_bus 0000:00: root bus resource [bus 00-3e]
[    0.155074] pci_bus 0000:00: root bus resource [io  0x0000-0x0cf7]
[    0.155076] pci_bus 0000:00: root bus resource [io  0x0d00-0xffff]
[    0.155077] pci_bus 0000:00: root bus resource [mem 0x000a0000-0x000bffff]
[    0.155079] pci_bus 0000:00: root bus resource [mem 0x000d0000-0x000d3fff]
[    0.155080] pci_bus 0000:00: root bus resource [mem 0x000d4000-0x000d7fff]
[    0.155081] pci_bus 0000:00: root bus resource [mem 0x000d8000-0x000dbfff]
[    0.155083] pci_bus 0000:00: root bus resource [mem 0x000dc000-0x000dffff]
[    0.155084] pci_bus 0000:00: root bus resource [mem 0x000e0000-0x000e3fff]
[    0.155086] pci_bus 0000:00: root bus resource [mem 0x000e4000-0x000e7fff]
[    0.155087] pci_bus 0000:00: root bus resource [mem 0x7ea00000-0xfeafffff]
[    0.155094] pci 0000:00:00.0: [8086:0154] type 00 class 0x060000
[    0.155171] pci 0000:00:02.0: [8086:0166] type 00 class 0x030000
[    0.155181] pci 0000:00:02.0: reg 0x10: [mem 0xf7800000-0xf7bfffff 64bit]
[    0.155187] pci 0000:00:02.0: reg 0x18: [mem 0xe0000000-0xefffffff 64bit pref]
[    0.155191] pci 0000:00:02.0: reg 0x20: [io  0xf000-0xf03f]
[    0.155284] pci 0000:00:16.0: [8086:1e3a] type 00 class 0x078000
[    0.155306] pci 0000:00:16.0: reg 0x10: [mem 0xf7d0a000-0xf7d0a00f 64bit]
[    0.155384] pci 0000:00:16.0: PME# supported from D0 D3hot D3cold
[    0.155461] pci 0000:00:1a.0: [8086:1e2d] type 00 class 0x0c0320
[    0.155481] pci 0000:00:1a.0: reg 0x10: [mem 0xf7d08000-0xf7d083ff]
[    0.155570] pci 0000:00:1a.0: PME# supported from D0 D3hot D3cold
[    0.155618] pci 0000:00:1a.0: System wakeup disabled by ACPI
[    0.155647] pci 0000:00:1b.0: [8086:1e20] type 00 class 0x040300
[    0.155661] pci 0000:00:1b.0: reg 0x10: [mem 0xf7d00000-0xf7d03fff 64bit]
[    0.155727] pci 0000:00:1b.0: PME# supported from D0 D3hot D3cold
[    0.155771] pci 0000:00:1b.0: System wakeup disabled by ACPI
[    0.155800] pci 0000:00:1c.0: [8086:1e10] type 01 class 0x060400
[    0.155925] pci 0000:00:1c.0: PME# supported from D0 D3hot D3cold
[    0.155979] pci 0000:00:1c.0: System wakeup disabled by ACPI
[    0.156011] pci 0000:00:1c.3: [8086:1e16] type 01 class 0x060400
[    0.156138] pci 0000:00:1c.3: PME# supported from D0 D3hot D3cold
[    0.156193] pci 0000:00:1c.3: System wakeup disabled by ACPI
[    0.156218] pci 0000:00:1c.5: [8086:1e1a] type 01 class 0x060400
[    0.156294] pci 0000:00:1c.5: PME# supported from D0 D3hot D3cold
[    0.156340] pci 0000:00:1c.5: System wakeup disabled by ACPI
[    0.156370] pci 0000:00:1d.0: [8086:1e26] type 00 class 0x0c0320
[    0.156391] pci 0000:00:1d.0: reg 0x10: [mem 0xf7d07000-0xf7d073ff]
[    0.156480] pci 0000:00:1d.0: PME# supported from D0 D3hot D3cold
[    0.156526] pci 0000:00:1d.0: System wakeup disabled by ACPI
[    0.156555] pci 0000:00:1f.0: [8086:1e5d] type 00 class 0x060100
[    0.156719] pci 0000:00:1f.2: [8086:1e03] type 00 class 0x010601
[    0.156736] pci 0000:00:1f.2: reg 0x10: [io  0xf0b0-0xf0b7]
[    0.156743] pci 0000:00:1f.2: reg 0x14: [io  0xf0a0-0xf0a3]
[    0.156750] pci 0000:00:1f.2: reg 0x18: [io  0xf090-0xf097]
[    0.156757] pci 0000:00:1f.2: reg 0x1c: [io  0xf080-0xf083]
[    0.156765] pci 0000:00:1f.2: reg 0x20: [io  0xf060-0xf07f]
[    0.156772] pci 0000:00:1f.2: reg 0x24: [mem 0xf7d06000-0xf7d067ff]
[    0.156815] pci 0000:00:1f.2: PME# supported from D3hot
[    0.156874] pci 0000:00:1f.3: [8086:1e22] type 00 class 0x0c0500
[    0.156889] pci 0000:00:1f.3: reg 0x10: [mem 0xf7d05000-0xf7d050ff 64bit]
[    0.156909] pci 0000:00:1f.3: reg 0x20: [io  0xf040-0xf05f]
[    0.157055] pci 0000:00:1c.0: PCI bridge to [bus 04]
[    0.157191] pci 0000:07:00.0: [14e4:4365] type 00 class 0x028000
[    0.157219] pci 0000:07:00.0: reg 0x10: [mem 0xf7c00000-0xf7c07fff 64bit]
[    0.157366] pci 0000:07:00.0: supports D1 D2
[    0.157367] pci 0000:07:00.0: PME# supported from D0 D3hot D3cold
[    0.157404] pci 0000:07:00.0: System wakeup disabled by ACPI
[    0.167417] pci 0000:00:1c.3: PCI bridge to [bus 07]
[    0.167422] pci 0000:00:1c.3:   bridge window [mem 0xf7c00000-0xf7cfffff]
[    0.167505] pci 0000:09:00.0: [10ec:8168] type 00 class 0x020000
[    0.167524] pci 0000:09:00.0: reg 0x10: [io  0xe000-0xe0ff]
[    0.167558] pci 0000:09:00.0: reg 0x18: [mem 0xf0004000-0xf0004fff 64bit pref]
[    0.167579] pci 0000:09:00.0: reg 0x20: [mem 0xf0000000-0xf0003fff 64bit pref]
[    0.167670] pci 0000:09:00.0: supports D1 D2
[    0.167671] pci 0000:09:00.0: PME# supported from D0 D1 D2 D3hot D3cold
[    0.167708] pci 0000:09:00.0: System wakeup disabled by ACPI
[    0.175401] pci 0000:00:1c.5: PCI bridge to [bus 09]
[    0.175407] pci 0000:00:1c.5:   bridge window [io  0xe000-0xefff]
[    0.175426] pci 0000:00:1c.5:   bridge window [mem 0xf0000000-0xf00fffff 64bit pref]
[    0.175471] acpi PNP0A08:00: Disabling ASPM (FADT indicates it is unsupported)
[    0.175790] ACPI: PCI Interrupt Link [LNKA] (IRQs 3 4 5 6 10 *11 12 14 15)
[    0.175834] ACPI: PCI Interrupt Link [LNKB] (IRQs *3 4 5 6 10 11 12 14 15)
[    0.175878] ACPI: PCI Interrupt Link [LNKC] (IRQs 3 4 5 6 10 *11 12 14 15)
[    0.175920] ACPI: PCI Interrupt Link [LNKD] (IRQs 3 4 5 6 *10 11 12 14 15)
[    0.175961] ACPI: PCI Interrupt Link [LNKE] (IRQs 3 4 5 6 10 11 12 14 15) *0, disabled.
[    0.176002] ACPI: PCI Interrupt Link [LNKF] (IRQs 3 4 5 6 10 11 12 14 15) *0, disabled.
[    0.176044] ACPI: PCI Interrupt Link [LNKG] (IRQs 3 4 *5 6 10 11 12 14 15)
[    0.176085] ACPI: PCI Interrupt Link [LNKH] (IRQs 3 *4 5 6 10 11 12 14 15)
[    0.176308] ACPI: Enabled 4 GPEs in block 00 to 3F
[    0.176313] ACPI: \_SB_.PCI0: notify handler is installed
[    0.176358] Found 1 acpi root devices
[    0.176442] vgaarb: device added: PCI:0000:00:02.0,decodes=io+mem,owns=io+mem,locks=none
[    0.176444] vgaarb: loaded
[    0.176445] vgaarb: bridge control possible 0000:00:02.0
[    0.176571] SCSI subsystem initialized
[    0.176620] libata version 3.00 loaded.
[    0.176649] ACPI: bus type USB registered
[    0.176663] usbcore: registered new interface driver usbfs
[    0.176670] usbcore: registered new interface driver hub
[    0.176695] usbcore: registered new device driver usb
[    0.176787] PCI: Using ACPI for IRQ routing
[    0.178335] PCI: pci_cache_line_size set to 64 bytes
[    0.178374] e820: reserve RAM buffer [mem 0x0009d400-0x0009ffff]
[    0.178375] e820: reserve RAM buffer [mem 0x40004000-0x43ffffff]
[    0.178377] e820: reserve RAM buffer [mem 0x76f46000-0x77ffffff]
[    0.178378] e820: reserve RAM buffer [mem 0x79202000-0x7bffffff]
[    0.178379] e820: reserve RAM buffer [mem 0x799d6000-0x7bffffff]
[    0.178381] e820: reserve RAM buffer [mem 0x7a000000-0x7bffffff]
[    0.178382] e820: reserve RAM buffer [mem 0x100600000-0x103ffffff]
[    0.178453] NetLabel: Initializing
[    0.178455] NetLabel:  domain hash size = 128
[    0.178455] NetLabel:  protocols = UNLABELED CIPSOv4
[    0.178466] NetLabel:  unlabeled traffic allowed by default
[    0.178518] hpet0: at MMIO 0xfed00000, IRQs 2, 8, 0, 0, 0, 0, 0, 0
[    0.178523] hpet0: 8 comparators, 64-bit 14.318180 MHz counter
[    0.180554] Switched to clocksource hpet
[    0.184288] AppArmor: AppArmor Filesystem Enabled
[    0.184311] pnp: PnP ACPI init
[    0.184323] ACPI: bus type PNP registered
[    0.184358] pnp 00:00: [dma 4]
[    0.184376] pnp 00:00: Plug and Play ACPI device, IDs PNP0200 (active)
[    0.184393] pnp 00:01: Plug and Play ACPI device, IDs INT0800 (active)
[    0.184487] pnp 00:02: Plug and Play ACPI device, IDs PNP0103 (active)
[    0.184530] system 00:03: [io  0x0680-0x069f] has been reserved
[    0.184532] system 00:03: [io  0x1000-0x100f] has been reserved
[    0.184534] system 00:03: [io  0xffff] has been reserved
[    0.184535] system 00:03: [io  0xffff] has been reserved
[    0.184537] system 00:03: [io  0x0400-0x0453] could not be reserved
[    0.184538] system 00:03: [io  0x0458-0x047f] has been reserved
[    0.184540] system 00:03: [io  0x0500-0x057f] has been reserved
[    0.184542] system 00:03: [io  0x164e-0x164f] has been reserved
[    0.184544] system 00:03: Plug and Play ACPI device, IDs PNP0c02 (active)
[    0.184576] pnp 00:04: Plug and Play ACPI device, IDs PNP0b00 (active)
[    0.184614] system 00:05: [io  0x0454-0x0457] has been reserved
[    0.184616] system 00:05: Plug and Play ACPI device, IDs INT3f0d PNP0c02 (active)
[    0.184634] pnp 00:06: Plug and Play ACPI device, IDs PNP0c04 (active)
[    0.184665] system 00:07: [io  0x04d0-0x04d1] has been reserved
[    0.184669] system 00:07: [mem 0xfe800000-0xfe802fff] has been reserved
[    0.184671] system 00:07: Plug and Play ACPI device, IDs PNP0c02 (active)
[    0.184693] pnp 00:08: Plug and Play ACPI device, IDs DLL0558 SYN0600 SYN0002 PNP0f13 (active)
[    0.184726] pnp 00:09: Plug and Play ACPI device, IDs PNP0303 (active)
[    0.184894] system 00:0a: [mem 0xfed1c000-0xfed1ffff] has been reserved
[    0.184896] system 00:0a: [mem 0xfed10000-0xfed17fff] has been reserved
[    0.184898] system 00:0a: [mem 0xfed18000-0xfed18fff] has been reserved
[    0.184900] system 00:0a: [mem 0xfed19000-0xfed19fff] has been reserved
[    0.184901] system 00:0a: [mem 0xf8000000-0xfbffffff] has been reserved
[    0.184903] system 00:0a: [mem 0xfed20000-0xfed3ffff] has been reserved
[    0.184905] system 00:0a: [mem 0xfed90000-0xfed93fff] has been reserved
[    0.184906] system 00:0a: [mem 0xfed45000-0xfed8ffff] has been reserved
[    0.184908] system 00:0a: [mem 0xff000000-0xffffffff] has been reserved
[    0.184910] system 00:0a: [mem 0xfee00000-0xfeefffff] could not be reserved
[    0.184911] system 00:0a: [mem 0x7ea00000-0x7ea00fff] has been reserved
[    0.184913] system 00:0a: Plug and Play ACPI device, IDs PNP0c02 (active)
[    0.185052] system 00:0b: [mem 0x20000000-0x201fffff] has been reserved
[    0.185054] system 00:0b: [mem 0x40004000-0x40004fff] has been reserved
[    0.185055] system 00:0b: Plug and Play ACPI device, IDs PNP0c01 (active)
[    0.185090] pnp: PnP ACPI: found 12 devices
[    0.185091] ACPI: bus type PNP unregistered
[    0.191222] pci 0000:00:1c.0: PCI bridge to [bus 04]
[    0.191234] pci 0000:00:1c.3: PCI bridge to [bus 07]
[    0.191239] pci 0000:00:1c.3:   bridge window [mem 0xf7c00000-0xf7cfffff]
[    0.191247] pci 0000:00:1c.5: PCI bridge to [bus 09]
[    0.191249] pci 0000:00:1c.5:   bridge window [io  0xe000-0xefff]
[    0.191256] pci 0000:00:1c.5:   bridge window [mem 0xf0000000-0xf00fffff 64bit pref]
[    0.191262] pci_bus 0000:00: resource 4 [io  0x0000-0x0cf7]
[    0.191264] pci_bus 0000:00: resource 5 [io  0x0d00-0xffff]
[    0.191265] pci_bus 0000:00: resource 6 [mem 0x000a0000-0x000bffff]
[    0.191267] pci_bus 0000:00: resource 7 [mem 0x000d0000-0x000d3fff]
[    0.191268] pci_bus 0000:00: resource 8 [mem 0x000d4000-0x000d7fff]
[    0.191270] pci_bus 0000:00: resource 9 [mem 0x000d8000-0x000dbfff]
[    0.191271] pci_bus 0000:00: resource 10 [mem 0x000dc000-0x000dffff]
[    0.191273] pci_bus 0000:00: resource 11 [mem 0x000e0000-0x000e3fff]
[    0.191274] pci_bus 0000:00: resource 12 [mem 0x000e4000-0x000e7fff]
[    0.191275] pci_bus 0000:00: resource 13 [mem 0x7ea00000-0xfeafffff]
[    0.191277] pci_bus 0000:07: resource 1 [mem 0xf7c00000-0xf7cfffff]
[    0.191279] pci_bus 0000:09: resource 0 [io  0xe000-0xefff]
[    0.191280] pci_bus 0000:09: resource 2 [mem 0xf0000000-0xf00fffff 64bit pref]
[    0.191306] NET: Registered protocol family 2
[    0.191435] TCP established hash table entries: 16384 (order: 5, 131072 bytes)
[    0.191477] TCP bind hash table entries: 16384 (order: 6, 262144 bytes)
[    0.191527] TCP: Hash tables configured (established 16384 bind 16384)
[    0.191544] TCP: reno registered
[    0.191548] UDP hash table entries: 1024 (order: 3, 32768 bytes)
[    0.191558] UDP-Lite hash table entries: 1024 (order: 3, 32768 bytes)
[    0.191602] NET: Registered protocol family 1
[    0.191610] pci 0000:00:02.0: Boot video device
[    0.232714] PCI: CLS 64 bytes, default 64
[    0.232763] Trying to unpack rootfs image as initramfs...
[    0.506333] Freeing initrd memory: 18696K (ffff880035b6c000 - ffff880036dae000)
[    0.506338] PCI-DMA: Using software bounce buffering for IO (SWIOTLB)
[    0.506341] software IO TLB [mem 0x70c00000-0x74c00000] (64MB) mapped at [ffff880070c00000-ffff880074bfffff]
[    0.506559] microcode: CPU0 sig=0x306a9, pf=0x10, revision=0x15
[    0.506563] microcode: CPU1 sig=0x306a9, pf=0x10, revision=0x15
[    0.506567] microcode: CPU2 sig=0x306a9, pf=0x10, revision=0x15
[    0.506573] microcode: CPU3 sig=0x306a9, pf=0x10, revision=0x15
[    0.506626] microcode: Microcode Update Driver: v2.00 <tigran@aivazian.fsnet.co.uk>, Peter Oruba
[    0.506627] Scanning for low memory corruption every 60 seconds
[    0.506843] Initialise system trusted keyring
[    0.506881] audit: initializing netlink socket (disabled)
[    0.506890] type=2000 audit(1495771739.496:1): initialized
[    0.531712] HugeTLB registered 2 MB page size, pre-allocated 0 pages
[    0.532504] zbud: loaded
[    0.532626] VFS: Disk quotas dquot_6.5.2
[    0.532655] Dquot-cache hash table entries: 512 (order 0, 4096 bytes)
[    0.532980] fuse init (API version 7.22)
[    0.533037] msgmni has been set to 3598
[    0.533076] Key type big_key registered
[    0.533440] Key type asymmetric registered
[    0.533442] Asymmetric key parser 'x509' registered
[    0.533464] Block layer SCSI generic (bsg) driver version 0.4 loaded (major 252)
[    0.533495] io scheduler noop registered
[    0.533497] io scheduler deadline registered (default)
[    0.533514] io scheduler cfq registered
[    0.533901] pci_hotplug: PCI Hot Plug PCI Core version: 0.5
[    0.533915] pciehp: PCI Express Hot Plug Controller Driver version: 0.4
[    0.533942] vesafb: mode is 1366x768x32, linelength=5504, pages=0
[    0.533943] vesafb: scrolling: redraw
[    0.533944] vesafb: Truecolor: size=8:8:8:8, shift=24:16:8:0
[    0.534424] vesafb: framebuffer at 0xe0000000, mapped to 0xffffc90004400000, using 4160k, total 4160k
[    0.601417] Console: switching to colour frame buffer device 170x48
[    0.668165] fb0: VESA VGA frame buffer device
[    0.668176] intel_idle: MWAIT substates: 0x21120
[    0.668177] intel_idle: v0.4 model 0x3A
[    0.668178] intel_idle: lapic_timer_reliable_states 0xffffffff
[    0.668258] ipmi message handler version 39.2
[    0.668329] ACPI: AC Adapter [AC] (off-line)
[    0.668420] input: Lid Switch as /devices/LNXSYSTM:00/device:00/PNP0C0D:00/input/input0
[    0.669665] ACPI: Lid Switch [LID0]
[    0.669691] input: Power Button as /devices/LNXSYSTM:00/device:00/PNP0C0C:00/input/input1
[    0.669694] ACPI: Power Button [PWRB]
[    0.669716] input: Sleep Button as /devices/LNXSYSTM:00/device:00/PNP0C0E:00/input/input2
[    0.669718] ACPI: Sleep Button [SBTN]
[    0.669740] input: Power Button as /devices/LNXSYSTM:00/LNXPWRBN:00/input/input3
[    0.669742] ACPI: Power Button [PWRF]
[    0.682240] thermal LNXTHERM:00: registered as thermal_zone0
[    0.682242] ACPI: Thermal Zone [THM] (25 C)
[    0.682260] GHES: HEST is not enabled!
[    0.682351] Serial: 8250/16550 driver, 32 ports, IRQ sharing enabled
[    0.689286] Linux agpgart interface v0.103
[    0.690252] brd: module loaded
[    0.690754] loop: module loaded
[    0.691011] libphy: Fixed MDIO Bus: probed
[    0.691070] tun: Universal TUN/TAP device driver, 1.6
[    0.691071] tun: (C) 1999-2004 Max Krasnyansky <maxk@qualcomm.com>
[    0.691108] PPP generic driver version 2.4.2
[    0.691138] ehci_hcd: USB 2.0 'Enhanced' Host Controller (EHCI) Driver
[    0.691140] ehci-pci: EHCI PCI platform driver
[    0.691244] ehci-pci 0000:00:1a.0: EHCI Host Controller
[    0.691249] ehci-pci 0000:00:1a.0: new USB bus registered, assigned bus number 1
[    0.691262] ehci-pci 0000:00:1a.0: debug port 2
[    0.695161] ehci-pci 0000:00:1a.0: cache line size of 64 is not supported
[    0.695182] ehci-pci 0000:00:1a.0: irq 16, io mem 0xf7d08000
[    0.705165] ehci-pci 0000:00:1a.0: USB 2.0 started, EHCI 1.00
[    0.705206] usb usb1: New USB device found, idVendor=1d6b, idProduct=0002
[    0.705208] usb usb1: New USB device strings: Mfr=3, Product=2, SerialNumber=1
[    0.705209] usb usb1: Product: EHCI Host Controller
[    0.705211] usb usb1: Manufacturer: Linux 3.13.0-32-generic ehci_hcd
[    0.705212] usb usb1: SerialNumber: 0000:00:1a.0
[    0.705737] hub 1-0:1.0: USB hub found
[    0.705746] hub 1-0:1.0: 2 ports detected
[    0.706031] ehci-pci 0000:00:1d.0: EHCI Host Controller
[    0.706036] ehci-pci 0000:00:1d.0: new USB bus registered, assigned bus number 2
[    0.706047] ehci-pci 0000:00:1d.0: debug port 2
[    0.709948] ehci-pci 0000:00:1d.0: cache line size of 64 is not supported
[    0.709960] ehci-pci 0000:00:1d.0: irq 23, io mem 0xf7d07000
[    0.713484] ACPI: Deprecated procfs I/F for battery is loaded, please retry with CONFIG_ACPI_PROCFS_POWER cleared
[    0.713489] ACPI: Battery Slot [BAT0] (battery present)
[    0.721250] ehci-pci 0000:00:1d.0: USB 2.0 started, EHCI 1.00
[    0.721312] usb usb2: New USB device found, idVendor=1d6b, idProduct=0002
[    0.721314] usb usb2: New USB device strings: Mfr=3, Product=2, SerialNumber=1
[    0.721315] usb usb2: Product: EHCI Host Controller
[    0.721317] usb usb2: Manufacturer: Linux 3.13.0-32-generic ehci_hcd
[    0.721318] usb usb2: SerialNumber: 0000:00:1d.0
[    0.721519] hub 2-0:1.0: USB hub found
[    0.721529] hub 2-0:1.0: 2 ports detected
[    0.721636] ehci-platform: EHCI generic platform driver
[    0.721646] ohci_hcd: USB 1.1 'Open' Host Controller (OHCI) Driver
[    0.721647] ohci-pci: OHCI PCI platform driver
[    0.721655] ohci-platform: OHCI generic platform driver
[    0.721660] uhci_hcd: USB Universal Host Controller Interface driver
[    0.721717] i8042: PNP: PS/2 Controller [PNP0303:PS2K,PNP0f13:PS2M] at 0x60,0x64 irq 1,12
[    0.725124] serio: i8042 KBD port at 0x60,0x64 irq 1
[    0.725130] serio: i8042 AUX port at 0x60,0x64 irq 12
[    0.725362] mousedev: PS/2 mouse device common for all mice
[    0.725784] rtc_cmos 00:04: RTC can wake from S4
[    0.725899] rtc_cmos 00:04: rtc core: registered rtc_cmos as rtc0
[    0.725925] rtc_cmos 00:04: alarms up to one month, y3k, 242 bytes nvram, hpet irqs
[    0.725977] device-mapper: uevent: version 1.0.3
[    0.726018] device-mapper: ioctl: 4.27.0-ioctl (2013-10-30) initialised: dm-devel@redhat.com
[    0.726024] ledtrig-cpu: registered to indicate activity on CPUs
[    0.726106] TCP: cubic registered
[    0.726168] NET: Registered protocol family 10
[    0.726292] NET: Registered protocol family 17
[    0.726300] Key type dns_resolver registered
[    0.726490] Loading compiled-in X.509 certificates
[    0.727280] Loaded X.509 cert 'Magrathea: Glacier signing key: 5e3c0f9ca6e36543535fa2bb5b709e84f16da7c7'
[    0.727290] registered taskstats version 1
[    0.729495] Key type trusted registered
[    0.731262] Key type encrypted registered
[    0.732978] AppArmor: AppArmor sha1 policy hashing enabled
[    0.732982] IMA: No TPM chip found, activating TPM-bypass!
[    0.733238] regulator-dummy: disabling
[    0.733281]   Magic number: 1:434:111
[    0.733363] rtc_cmos 00:04: setting system clock to 2017-05-26 04:09:00 UTC (1495771740)
[    0.733812] BIOS EDD facility v0.16 2004-Jun-25, 0 devices found
[    0.733814] EDD information not available.
[    0.733855] PM: Hibernation image not present or could not be loaded.
[    0.734617] Freeing unused kernel memory: 1336K (ffffffff81d1f000 - ffffffff81e6d000)
[    0.734619] Write protecting the kernel read-only data: 12288k
[    0.736468] Freeing unused kernel memory: 816K (ffff880001734000 - ffff880001800000)
[    0.738105] Freeing unused kernel memory: 696K (ffff880001b52000 - ffff880001c00000)
[    0.749311] input: AT Translated Set 2 keyboard as /devices/platform/i8042/serio0/input/input4
[    0.749636] systemd-udevd[114]: starting version 204
[    0.774477] r8169 Gigabit Ethernet driver 2.3LK-NAPI loaded
[    0.774490] r8169 0000:09:00.0: can't disable ASPM; OS doesn't have ASPM control
[    0.774502] ahci 0000:00:1f.2: version 3.0
[    0.774673] ahci 0000:00:1f.2: irq 40 for MSI/MSI-X
[    0.774733] r8169 0000:09:00.0: irq 41 for MSI/MSI-X
[    0.774783] ahci 0000:00:1f.2: AHCI 0001.0300 32 slots 6 ports 6 Gbps 0x11 impl SATA mode
[    0.774787] ahci 0000:00:1f.2: flags: 64bit ncq pm led clo pio slum part ems apst 
[    0.774889] r8169 0000:09:00.0 eth0: RTL8168evl/8111evl at 0xffffc9000032c000, 78:45:c4:c2:bc:ca, XID 0c900800 IRQ 41
[    0.774891] r8169 0000:09:00.0 eth0: jumbo features [frames: 9200 bytes, tx checksumming: ko]
[    0.782014] scsi0 : ahci
[    0.782113] scsi1 : ahci
[    0.782176] scsi2 : ahci
[    0.782330] scsi3 : ahci
[    0.782389] scsi4 : ahci
[    0.782444] scsi5 : ahci
[    0.782482] ata1: SATA max UDMA/133 abar m2048@0xf7d06000 port 0xf7d06100 irq 40
[    0.782484] ata2: DUMMY
[    0.782485] ata3: DUMMY
[    0.782487] ata4: DUMMY
[    0.782489] ata5: SATA max UDMA/133 abar m2048@0xf7d06000 port 0xf7d06300 irq 40
[    0.782491] ata6: DUMMY
[    1.017620] usb 1-1: new high-speed USB device number 2 using ehci-pci
[    1.101682] ata5: SATA link up 1.5 Gbps (SStatus 113 SControl 300)
[    1.101704] ata1: SATA link up 3.0 Gbps (SStatus 123 SControl 300)
[    1.105764] ata5.00: ATAPI: TSSTcorp DVD+/-RW SN-208DN, D100, max UDMA/100
[    1.108016] ata1.00: ACPI cmd ef/10:06:00:00:00:00 (SET FEATURES) succeeded
[    1.108031] ata1.00: ACPI cmd f5/00:00:00:00:00:00 (SECURITY FREEZE LOCK) filtered out
[    1.108033] ata1.00: ACPI cmd b1/c1:00:00:00:00:00 (DEVICE CONFIGURATION OVERLAY) filtered out
[    1.112531] ata5.00: configured for UDMA/100
[    1.114147] ata1.00: ATA-8: ST500LM012 HN-M500MBB, 2AR20004, max UDMA/133
[    1.114151] ata1.00: 976773168 sectors, multi 16: LBA48 NCQ (depth 31/32), AA
[    1.120500] ata1.00: ACPI cmd ef/10:06:00:00:00:00 (SET FEATURES) succeeded
[    1.120505] ata1.00: ACPI cmd f5/00:00:00:00:00:00 (SECURITY FREEZE LOCK) filtered out
[    1.120507] ata1.00: ACPI cmd b1/c1:00:00:00:00:00 (DEVICE CONFIGURATION OVERLAY) filtered out
[    1.126715] ata1.00: configured for UDMA/133
[    1.126907] scsi 0:0:0:0: Direct-Access     ATA      ST500LM012 HN-M5 2AR2 PQ: 0 ANSI: 5
[    1.127156] sd 0:0:0:0: [sda] 976773168 512-byte logical blocks: (500 GB/465 GiB)
[    1.127180] sd 0:0:0:0: Attached scsi generic sg0 type 0
[    1.127357] sd 0:0:0:0: [sda] Write Protect is off
[    1.127361] sd 0:0:0:0: [sda] Mode Sense: 00 3a 00 00
[    1.127390] sd 0:0:0:0: [sda] Write cache: enabled, read cache: enabled, doesn't support DPO or FUA
[    1.129761] scsi 4:0:0:0: CD-ROM            TSSTcorp DVD+-RW SN-208DN D100 PQ: 0 ANSI: 5
[    1.140860] sr0: scsi3-mmc drive: 24x/24x writer dvd-ram cd/rw xa/form2 cdda tray
[    1.140863] cdrom: Uniform CD-ROM driver Revision: 3.20
[    1.141070] sr 4:0:0:0: Attached scsi CD-ROM sr0
[    1.141240] sr 4:0:0:0: Attached scsi generic sg1 type 5
[    1.150197] usb 1-1: New USB device found, idVendor=8087, idProduct=0024
[    1.150201] usb 1-1: New USB device strings: Mfr=0, Product=0, SerialNumber=0
[    1.150589] hub 1-1:1.0: USB hub found
[    1.150831] hub 1-1:1.0: 6 ports detected
[    1.202721]  sda: sda1 sda2 < sda5 sda6 sda7 >
[    1.203580] sd 0:0:0:0: [sda] Attached SCSI disk
[    1.261870] usb 2-1: new high-speed USB device number 2 using ehci-pci
[    1.394469] usb 2-1: New USB device found, idVendor=8087, idProduct=0024
[    1.394473] usb 2-1: New USB device strings: Mfr=0, Product=0, SerialNumber=0
[    1.394870] hub 2-1:1.0: USB hub found
[    1.395043] hub 2-1:1.0: 6 ports detected
[    1.466317] usb 1-1.4: new full-speed USB device number 3 using ehci-pci
[    1.506127] tsc: Refined TSC clocksource calibration: 2494.333 MHz
[    1.561349] usb 1-1.4: New USB device found, idVendor=0a5c, idProduct=21d7
[    1.561356] usb 1-1.4: New USB device strings: Mfr=1, Product=2, SerialNumber=3
[    1.561360] usb 1-1.4: Product: BCM43142A0
[    1.561363] usb 1-1.4: Manufacturer: Broadcom Corp
[    1.561365] usb 1-1.4: SerialNumber: 9C2A70C4A6B4
[    1.630506] usb 1-1.5: new high-speed USB device number 4 using ehci-pci
[    1.802715] usb 1-1.5: New USB device found, idVendor=0c45, idProduct=6473
[    1.802719] usb 1-1.5: New USB device strings: Mfr=2, Product=1, SerialNumber=0
[    1.802720] usb 1-1.5: Product: Laptop_Integrated_Webcam_HD
[    1.802722] usb 1-1.5: Manufacturer: CN0PV1667248732PAEVYA02
[    1.851876] EXT4-fs (sda1): mounted filesystem with ordered data mode. Opts: (null)
[    1.878584] usb 2-1.6: new high-speed USB device number 3 using ehci-pci
[    1.969691] input: DualPoint Stick as /devices/platform/i8042/serio1/input/input7
[    1.983254] input: AlpsPS/2 ALPS DualPoint TouchPad as /devices/platform/i8042/serio1/input/input6
[    2.231000] usb 2-1.6: New USB device found, idVendor=0bda, idProduct=0138
[    2.231006] usb 2-1.6: New USB device strings: Mfr=1, Product=2, SerialNumber=3
[    2.231009] usb 2-1.6: Product: USB2.0-CRW
[    2.231012] usb 2-1.6: Manufacturer: Generic
[    2.231014] usb 2-1.6: SerialNumber: 20090516388200000
[    2.427790] random: nonblocking pool is initialized
[    2.507447] Switched to clocksource tsc
[   11.391210] Adding 7999484k swap on /dev/sda6.  Priority:-1 extents:1 across:7999484k FS
[   12.701991] IPv6: ADDRCONF(NETDEV_UP): eth0: link is not ready
[   12.829850] systemd-udevd[322]: starting version 204
[   12.953497] lp: driver loaded but no devices found
[   12.958691] ppdev: user-space parallel port driver
[   13.030748] wmi: Mapper loaded
[   13.042536] [drm] Initialized drm 1.1.0 20060810
[   13.042584] ACPI Warning: 0x0000000000000428-0x000000000000042f SystemIO conflicts with Region \PMIO 1 (20131115/utaddress-251)
[   13.042590] ACPI: If an ACPI driver is available for this device, you should use it instead of the native driver
[   13.042594] ACPI Warning: 0x0000000000000530-0x000000000000053f SystemIO conflicts with Region \GPIO 1 (20131115/utaddress-251)
[   13.042597] ACPI: If an ACPI driver is available for this device, you should use it instead of the native driver
[   13.042599] ACPI Warning: 0x0000000000000500-0x000000000000052f SystemIO conflicts with Region \GPIO 1 (20131115/utaddress-251)
[   13.042603] ACPI: If an ACPI driver is available for this device, you should use it instead of the native driver
[   13.042605] lpc_ich: Resource conflict(s) found affecting gpio_ich
[   13.045545] shpchp: Standard Hot Plug PCI Controller Driver version: 0.4
[   13.046059] mei_me 0000:00:16.0: irq 42 for MSI/MSI-X
[   13.061671] cfg80211: Calling CRDA to update world regulatory domain
[   13.064459] wl: module license 'MIXED/Proprietary' taints kernel.
[   13.064465] Disabling lock debugging due to kernel taint
[   13.067556] [drm] Memory usable by graphics device = 2048M
[   13.067566] checking generic (e0000000 410000) vs hw (e0000000 10000000)
[   13.067569] fb: conflicting fb hw usage inteldrmfb vs VESA VGA - removing generic driver
[   13.067608] Console: switching to colour dummy device 80x25
[   13.067984] wl: module verification failed: signature and/or  required key missing - tainting kernel
[   13.136892] i915 0000:00:02.0: irq 43 for MSI/MSI-X
[   13.136905] [drm] Supports vblank timestamp caching Rev 2 (21.10.2013).
[   13.136907] [drm] Driver supports precise vblank timestamp query.
[   13.137026] vgaarb: device changed decodes: PCI:0000:00:02.0,olddecodes=io+mem,decodes=io+mem:owns=io+mem
[   13.191206] dcdbas dcdbas: Dell Systems Management Base Driver (version 5.6.0-3.2)
[   13.216255] wlan0: Broadcom BCM4365 802.11 Hybrid Wireless Controller 6.30.223.248 (r487574)
[   13.233796] fbcon: inteldrmfb (fb0) is primary device
[   13.316456] type=1400 audit(1495771753.064:2): apparmor="STATUS" operation="profile_load" profile="unconfined" name="/sbin/dhclient" pid=434 comm="apparmor_parser"
[   13.316462] type=1400 audit(1495771753.064:3): apparmor="STATUS" operation="profile_load" profile="unconfined" name="/usr/lib/NetworkManager/nm-dhcp-client.action" pid=434 comm="apparmor_parser"
[   13.316466] type=1400 audit(1495771753.064:4): apparmor="STATUS" operation="profile_load" profile="unconfined" name="/usr/lib/connman/scripts/dhclient-script" pid=434 comm="apparmor_parser"
[   13.316960] type=1400 audit(1495771753.064:5): apparmor="STATUS" operation="profile_replace" profile="unconfined" name="/usr/lib/NetworkManager/nm-dhcp-client.action" pid=434 comm="apparmor_parser"
[   13.316965] type=1400 audit(1495771753.064:6): apparmor="STATUS" operation="profile_replace" profile="unconfined" name="/usr/lib/connman/scripts/dhclient-script" pid=434 comm="apparmor_parser"
[   13.317225] type=1400 audit(1495771753.064:7): apparmor="STATUS" operation="profile_replace" profile="unconfined" name="/usr/lib/connman/scripts/dhclient-script" pid=434 comm="apparmor_parser"
[   13.357307] intel_rapl: domain uncore energy ctr 24592:24592 not working, skip
[   13.369420] input: Dell WMI hotkeys as /devices/virtual/input/input8
[   13.432767] Linux video capture interface: v2.00
[   13.438837] Bluetooth: Core ver 2.17
[   13.438850] NET: Registered protocol family 31
[   13.438850] Bluetooth: HCI device and connection manager initialized
[   13.438857] Bluetooth: HCI socket layer initialized
[   13.438858] Bluetooth: L2CAP socket layer initialized
[   13.438862] Bluetooth: SCO socket layer initialized
[   13.441418] uvcvideo: Found UVC 1.00 device Laptop_Integrated_Webcam_HD (0c45:6473)
[   13.448527] usbcore: registered new interface driver btusb
[   13.455483] cfg80211: World regulatory domain updated:
[   13.455484] cfg80211:   (start_freq - end_freq @ bandwidth), (max_antenna_gain, max_eirp)
[   13.455485] cfg80211:   (2402000 KHz - 2472000 KHz @ 40000 KHz), (300 mBi, 2000 mBm)
[   13.455485] cfg80211:   (2457000 KHz - 2482000 KHz @ 40000 KHz), (300 mBi, 2000 mBm)
[   13.455486] cfg80211:   (2474000 KHz - 2494000 KHz @ 20000 KHz), (300 mBi, 2000 mBm)
[   13.455487] cfg80211:   (5170000 KHz - 5250000 KHz @ 40000 KHz), (300 mBi, 2000 mBm)
[   13.455487] cfg80211:   (5735000 KHz - 5835000 KHz @ 40000 KHz), (300 mBi, 2000 mBm)
[   13.467450] input: Laptop_Integrated_Webcam_HD as /devices/pci0000:00/0000:00:1a.0/usb1/1-1/1-1.5/1-1.5:1.0/input/input9
[   13.467534] usbcore: registered new interface driver uvcvideo
[   13.467535] USB Video Class driver (1.1.1)
[   13.538956] usb 1-1.4: Direct firmware load failed with error -2
[   13.538958] usb 1-1.4: Falling back to user helper
[   13.539492] Bluetooth: can't load firmware, may not work correctly
[   13.550756] usbcore: registered new interface driver usb-storage
[   13.573808] ums-realtek 2-1.6:1.0: USB Mass Storage device detected
[   13.592511] scsi6 : usb-storage 2-1.6:1.0
[   13.592585] usbcore: registered new interface driver ums-realtek
[   13.782336] usb 2-1.6: USB disconnect, device number 3
[   14.172622] Console: switching to colour frame buffer device 170x48
[   14.175001] i915 0000:00:02.0: fb0: inteldrmfb frame buffer device
[   14.175001] i915 0000:00:02.0: registered panic notifier
[   14.188181] EXT4-fs (sda1): re-mounted. Opts: errors=remount-ro
[   14.188945] ACPI: Video Device [GFX0] (multi-head: yes  rom: no  post: no)
[   14.189288] acpi device:35: registered as cooling_device5
[   14.189383] input: Video Bus as /devices/LNXSYSTM:00/device:00/PNP0A08:00/LNXVIDEO:00/input/input10
[   14.189468] [drm] Initialized i915 1.6.0 20080730 for 0000:00:02.0 on minor 0
[   14.190405] snd_hda_intel 0000:00:1b.0: irq 44 for MSI/MSI-X
[   14.202421] autoconfig: line_outs=1 (0x5/0x0/0x0/0x0/0x0) type:speaker
[   14.202425]    speaker_outs=0 (0x0/0x0/0x0/0x0/0x0)
[   14.202428]    hp_outs=1 (0x4/0x0/0x0/0x0/0x0)
[   14.202429]    mono: mono_out=0x0
[   14.202430]    inputs:
[   14.202432]      Internal Mic=0x7
[   14.202434]      Mic=0x6
[   14.207971] input: HDA Intel PCH HDMI/DP,pcm=3 as /devices/pci0000:00/0000:00:1b.0/sound/card0/input13
[   14.208160] input: HDA Intel PCH Headphone as /devices/pci0000:00/0000:00:1b.0/sound/card0/input12
[   14.208274] input: HDA Intel PCH Mic as /devices/pci0000:00/0000:00:1b.0/sound/card0/input11
[   14.781207] EXT4-fs (sda7): mounted filesystem with ordered data mode. Opts: (null)
[   14.841818] [drm] Enabling RC6 states: RC6 on, RC6p on, RC6pp off
[   17.598568] init: failsafe main process (689) killed by TERM signal
[   18.031493] Bluetooth: RFCOMM TTY layer initialized
[   18.031505] Bluetooth: RFCOMM socket layer initialized
[   18.031509] Bluetooth: RFCOMM ver 1.11
[   18.060581] type=1400 audit(1495771757.800:8): apparmor="STATUS" operation="profile_load" profile="unconfined" name="/usr/lib/cups/backend/cups-pdf" pid=800 comm="apparmor_parser"
[   18.060589] type=1400 audit(1495771757.800:9): apparmor="STATUS" operation="profile_load" profile="unconfined" name="/usr/sbin/cupsd" pid=800 comm="apparmor_parser"
[   18.060960] type=1400 audit(1495771757.800:10): apparmor="STATUS" operation="profile_replace" profile="unconfined" name="/usr/sbin/cupsd" pid=800 comm="apparmor_parser"
[   18.190640] Bluetooth: BNEP (Ethernet Emulation) ver 1.3
[   18.190643] Bluetooth: BNEP filters: protocol multicast
[   18.190650] Bluetooth: BNEP socket layer initialized
[   18.661277] init: cups main process (801) killed by HUP signal
[   18.661289] init: cups main process ended, respawning
[   19.674260] type=1400 audit(1495771759.412:11): apparmor="STATUS" operation="profile_load" profile="unconfined" name="/usr/lib/lightdm/lightdm-guest-session" pid=885 comm="apparmor_parser"
[   19.674268] type=1400 audit(1495771759.412:12): apparmor="STATUS" operation="profile_load" profile="unconfined" name="chromium" pid=885 comm="apparmor_parser"
[   19.674499] type=1400 audit(1495771759.412:13): apparmor="STATUS" operation="profile_replace" profile="unconfined" name="chromium" pid=885 comm="apparmor_parser"
[   19.681571] type=1400 audit(1495771759.420:14): apparmor="STATUS" operation="profile_load" profile="unconfined" name="/usr/lib/telepathy/mission-control-5" pid=889 comm="apparmor_parser"
[   19.681583] type=1400 audit(1495771759.420:15): apparmor="STATUS" operation="profile_load" profile="unconfined" name="/usr/lib/telepathy/telepathy-*" pid=889 comm="apparmor_parser"
[   19.681589] type=1400 audit(1495771759.420:16): apparmor="STATUS" operation="profile_load" profile="unconfined" name="pxgsettings" pid=889 comm="apparmor_parser"
[   19.681595] type=1400 audit(1495771759.420:17): apparmor="STATUS" operation="profile_load" profile="unconfined" name="sanitized_helper" pid=889 comm="apparmor_parser"
[   19.681601] type=1400 audit(1495771759.420:18): apparmor="STATUS" operation="profile_load" profile="unconfined" name="/usr/lib/telepathy/telepathy-ofono" pid=889 comm="apparmor_parser"
[   19.681736] type=1400 audit(1495771759.420:19): apparmor="STATUS" operation="profile_replace" profile="unconfined" name="/sbin/dhclient" pid=886 comm="apparmor_parser"
[   19.681745] type=1400 audit(1495771759.420:20): apparmor="STATUS" operation="profile_replace" profile="unconfined" name="/usr/lib/NetworkManager/nm-dhcp-client.action" pid=886 comm="apparmor_parser"
[   20.358718] init: isc-dhcp-server main process (1007) terminated with status 1
[   20.358730] init: isc-dhcp-server main process ended, respawning
[   20.910298] r8169 0000:09:00.0 eth0: link down
[   20.910340] IPv6: ADDRCONF(NETDEV_UP): eth0: link is not ready
[   20.910758] IPv6: ADDRCONF(NETDEV_UP): eth0: link is not ready
[   20.912016] init: isc-dhcp-server main process (1075) terminated with status 1
[   20.912033] init: isc-dhcp-server main process ended, respawning
[   21.384093] init: isc-dhcp-server main process (1104) terminated with status 1
[   21.384107] init: isc-dhcp-server main process ended, respawning
[   21.732513] init: isc-dhcp-server main process (1160) terminated with status 1
[   21.732526] init: isc-dhcp-server main process ended, respawning
[   22.022200] init: isc-dhcp-server main process (1173) terminated with status 1
[   22.022212] init: isc-dhcp-server main process ended, respawning
[   22.200604] init: isc-dhcp-server main process (1181) terminated with status 1
[   22.200616] init: isc-dhcp-server main process ended, respawning
[   22.390088] cfg80211: Calling CRDA for country: IN
[   22.392660] cfg80211: Regulatory domain changed to country: IN
[   22.392663] cfg80211:   (start_freq - end_freq @ bandwidth), (max_antenna_gain, max_eirp)
[   22.392665] cfg80211:   (2402000 KHz - 2482000 KHz @ 40000 KHz), (N/A, 2000 mBm)
[   22.392666] cfg80211:   (5170000 KHz - 5250000 KHz @ 40000 KHz), (N/A, 2000 mBm)
[   22.392667] cfg80211:   (5250000 KHz - 5330000 KHz @ 40000 KHz), (N/A, 2000 mBm)
[   22.392668] cfg80211:   (5735000 KHz - 5835000 KHz @ 40000 KHz), (N/A, 2000 mBm)
[   22.434787] init: isc-dhcp-server main process (1197) terminated with status 1
[   22.434799] init: isc-dhcp-server main process ended, respawning
[   22.646095] init: isc-dhcp-server main process (1210) terminated with status 1
[   22.646107] init: isc-dhcp-server main process ended, respawning
[   22.869717] init: isc-dhcp-server main process (1220) terminated with status 1
[   22.869730] init: isc-dhcp-server main process ended, respawning
[   23.047885] init: isc-dhcp-server main process (1251) terminated with status 1
[   23.047898] init: isc-dhcp-server main process ended, respawning
[   23.260090] init: isc-dhcp-server main process (1286) terminated with status 1
[   23.260103] init: isc-dhcp-server respawning too fast, stopped
[   23.572836] init: plymouth-upstart-bridge main process ended, respawning
[   23.581064] init: plymouth-upstart-bridge main process ended, respawning
[   24.699616] ip_tables: (C) 2000-2006 Netfilter Core Team
[   24.707350] nf_conntrack version 0.5.0 (16384 buckets, 65536 max)
[   24.745457] init: plymouth-stop pre-start process (1543) terminated with status 1
[   27.163535] init: anacron main process (1018) killed by TERM signal
[   48.193411] audit_printk_skb: 126 callbacks suppressed
[   48.193415] type=1400 audit(1495771787.900:63): apparmor="STATUS" operation="profile_replace" profile="unconfined" name="/usr/lib/cups/backend/cups-pdf" pid=2002 comm="apparmor_parser"
[   48.193420] type=1400 audit(1495771787.900:64): apparmor="STATUS" operation="profile_replace" profile="unconfined" name="/usr/sbin/cupsd" pid=2002 comm="apparmor_parser"
[   48.193794] type=1400 audit(1495771787.900:65): apparmor="STATUS" operation="profile_replace" profile="unconfined" name="/usr/sbin/cupsd" pid=2002 comm="apparmor_parser"
[  568.219006] systemd-hostnamed[2767]: Warning: nss-myhostname is not installed. Changing the local hostname might make it unresolveable. Please install nss-myhostname!
